<!DOCTYPE html>
<html lang="en-US">
  <head>
    <title>Yes there is a title!</title>
    <link rel="icon" href="/MockedContext/library/TestReposSkin/Webresources/favicon.png" type="image/png" />
    <link rel="shortcut icon" href="/MockedContext/library/TestReposSkin/Webresources/favicon.png" type="image/png" />
    
    <style>
      body {
        display: block;
        page: main;
      }
      @page main {
        @bottom-left { 
          content: "Yes there is a title!"; 
        }
      }
    </style>
    <link rel="stylesheet" type="text/css" href="/MockedContext/library/TestReposSkin/Webresources/markdown.css">
  </head>
  <body>
    <h1>
<a name="Someotherchapter" style="display:block"></a><a name="someotherchapter" style="display:block"></a>Someother chapter</h1>
<p>That is just fine</p>
<h2>
<a name="Whateverchapter" style="display:block"></a><a name="whateverchapter" style="display:block"></a>Whatever chapter</h2>
<p>With some other text</p>  
  </body>
</html>