<!DOCTYPE html>
<html lang="en-US">
  <head>
    <title>Table</title>
    <link rel="icon" href="/TestContext/library/TestReposSkin/Webresources/favicon.png" type="image/png" />
    <link rel="shortcut icon" href="/TestContext/library/TestReposSkin/Webresources/favicon.png" type="image/png" />
    
    <style>
      body {
        display: block;
        page: main;
      }
      @page main {
        @bottom-left { 
          content: "Table"; 
        }
      }
    </style>
    <link rel="stylesheet" type="text/css" href="/TestContext/library/TestReposSkin/Webresources/markdown.css">
  </head>
  <body>
    <h1>
<a name="Thisshouldrenderatable" style="display:block"></a><a name="thisshouldrenderatable" style="display:block"></a>This should render a table</h1>
<p>So here we go:</p>
<table class="markdowntable">
  <thead>
    <tr>
      <th>header1</th>
      <th>header2</th>
      <th>header3</th>
    </tr>
  </thead>
  <tbody>
    <tr>
      <td>Value1 and some other</td>
      <td>Value2 </td>
      <td>Value3 </td>
    </tr>
    <tr>
      <td>Valuea </td>
      <td>Valueb.<wbr/>valuec/<wbr/>valued_<wbr/>valuee</td>
      <td>Valuec </td>
    </tr>
    <tr>
      <td>Valuex </td>
      <td>Valuey </td>
      <td>Valuez </td>
    </tr>
  </tbody>
</table>
<p>End of page</p>  
  </body>
</html>
